<testsuites id="" name="" tests="30" failures="0" skipped="0" errors="0" time="94.534273">
<testsuite name="portfolio.spec.ts" timestamp="2026-06-26T04:21:47.694Z" hostname="chromium" tests="10" failures="0" skipped="0" time="21.631" errors="0">
<testcase name="Portfolio App UI Tests › 1. Home page loads successfully" classname="portfolio.spec.ts" time="2.314">
</testcase>
<testcase name="Portfolio App UI Tests › 2. Navbar is visible" classname="portfolio.spec.ts" time="2.157">
</testcase>
<testcase name="Portfolio App UI Tests › 3. Theme toggle button exists and is clickable" classname="portfolio.spec.ts" time="2.23">
</testcase>
<testcase name="Portfolio App UI Tests › 4. Hero section is visible" classname="portfolio.spec.ts" time="2.192">
</testcase>
<testcase name="Portfolio App UI Tests › 5. Multiple sections render on page" classname="portfolio.spec.ts" time="2.07">
</testcase>
<testcase name="Portfolio App UI Tests › 6. Page content includes portfolio data" classname="portfolio.spec.ts" time="2.027">
</testcase>
<testcase name="Portfolio App UI Tests › 7. Scrollable page renders without errors" classname="portfolio.spec.ts" time="2.165">
</testcase>
<testcase name="Portfolio App UI Tests › 8. Page has proper heading structure" classname="portfolio.spec.ts" time="2.073">
</testcase>
<testcase name="Portfolio App UI Tests › 9. Navigation links are present" classname="portfolio.spec.ts" time="2.086">
</testcase>
<testcase name="Portfolio App UI Tests › 10. Page responds to viewport changes" classname="portfolio.spec.ts" time="2.317">
</testcase>
</testsuite>
<testsuite name="portfolio.spec.ts" timestamp="2026-06-26T04:21:47.694Z" hostname="firefox" tests="10" failures="0" skipped="0" time="47.81" errors="0">
<testcase name="Portfolio App UI Tests › 1. Home page loads successfully" classname="portfolio.spec.ts" time="5.38">
</testcase>
<testcase name="Portfolio App UI Tests › 2. Navbar is visible" classname="portfolio.spec.ts" time="4.627">
</testcase>
<testcase name="Portfolio App UI Tests › 3. Theme toggle button exists and is clickable" classname="portfolio.spec.ts" time="4.642">
</testcase>
<testcase name="Portfolio App UI Tests › 4. Hero section is visible" classname="portfolio.spec.ts" time="4.633">
</testcase>
<testcase name="Portfolio App UI Tests › 5. Multiple sections render on page" classname="portfolio.spec.ts" time="4.609">
</testcase>
<testcase name="Portfolio App UI Tests › 6. Page content includes portfolio data" classname="portfolio.spec.ts" time="4.6">
</testcase>
<testcase name="Portfolio App UI Tests › 7. Scrollable page renders without errors" classname="portfolio.spec.ts" time="4.738">
</testcase>
<testcase name="Portfolio App UI Tests › 8. Page has proper heading structure" classname="portfolio.spec.ts" time="4.586">
</testcase>
<testcase name="Portfolio App UI Tests › 9. Navigation links are present" classname="portfolio.spec.ts" time="4.527">
</testcase>
<testcase name="Portfolio App UI Tests › 10. Page responds to viewport changes" classname="portfolio.spec.ts" time="5.468">
</testcase>
</testsuite>
<testsuite name="portfolio.spec.ts" timestamp="2026-06-26T04:21:47.694Z" hostname="webkit" tests="10" failures="0" skipped="0" time="15.152" errors="0">
<testcase name="Portfolio App UI Tests › 1. Home page loads successfully" classname="portfolio.spec.ts" time="1.562">
</testcase>
<testcase name="Portfolio App UI Tests › 2. Navbar is visible" classname="portfolio.spec.ts" time="1.35">
</testcase>
<testcase name="Portfolio App UI Tests › 3. Theme toggle button exists and is clickable" classname="portfolio.spec.ts" time="1.521">
</testcase>
<testcase name="Portfolio App UI Tests › 4. Hero section is visible" classname="portfolio.spec.ts" time="1.473">
</testcase>
<testcase name="Portfolio App UI Tests › 5. Multiple sections render on page" classname="portfolio.spec.ts" time="1.451">
</testcase>
<testcase name="Portfolio App UI Tests › 6. Page content includes portfolio data" classname="portfolio.spec.ts" time="1.36">
</testcase>
<testcase name="Portfolio App UI Tests › 7. Scrollable page renders without errors" classname="portfolio.spec.ts" time="1.615">
</testcase>
<testcase name="Portfolio App UI Tests › 8. Page has proper heading structure" classname="portfolio.spec.ts" time="1.537">
</testcase>
<testcase name="Portfolio App UI Tests › 9. Navigation links are present" classname="portfolio.spec.ts" time="1.533">
</testcase>
<testcase name="Portfolio App UI Tests › 10. Page responds to viewport changes" classname="portfolio.spec.ts" time="1.75">
</testcase>
</testsuite>
</testsuites>